2026/08/09 09:25:52 INFO  : marketing/experimente.html.bak_zcode_20260724_pre_simples: Copied (new)
2026/08/09 09:25:52 INFO  : README.md: Copied (new)
2026/08/09 09:25:52 INFO  : marketing/experimente.html: Copied (new)
2026/08/09 09:25:52 INFO  : pontos_api/creditar.py: Copied (new)
2026/08/09 09:25:52 INFO  : pontos_api/admin.html: Copied (new)
2026/08/09 09:25:52 INFO  : pontos_api/vigia_saldos.py: Copied (new)
2026/08/09 09:25:52 INFO  : pontos_api/gerar_convites.py: Copied (new)
2026/08/09 09:25:52 INFO  : pontos_api/convites_teste-lote.txt: Copied (new)
2026/08/09 09:25:52 INFO  : pontos_api/descadastro.py: Copied (new)
2026/08/09 09:25:52 INFO  : marketing/legendas/moka_60s.srt: Copied (new)
2026/08/09 09:25:52 INFO  : marketing/legendas/moka_completo.srt: Copied (new)
2026/08/09 09:25:52 INFO  : pontos_api/moka_pontos.db: Copied (new)
2026/08/09 09:25:52 INFO  : marketing/legendas/moka_corte_silencios.srt: Copied (new)
2026/08/09 09:25:53 INFO  : pontos_api/painel.html: Copied (new)
2026/08/09 09:25:53 INFO  : marketing/legendas/transcricao_com_timecodes.txt: Copied (new)
2026/08/09 09:25:53 INFO  : pontos_api/app.py: Copied (new)
2026/08/09 09:26:07 INFO  : marketing/videos/moka_anuncio_60s_tiktok.mp4: Copied (new)
2026/08/09 09:26:50 INFO  :   214.450 MiB / 614.545 MiB, 35%, 3.704 MiB/s, ETA 1m48s
2026/08/09 09:27:22 INFO  : marketing/videos/moka_anuncio_corte_silencios_bbc.mp4: Copied (new)
2026/08/09 09:27:33 INFO  : marketing/videos/bruto_miguel_5min41.mp4: Copied (new)
2026/08/09 09:27:34 INFO  : marketing/videos/moka_anuncio_completo_legendado.mp4: Copied (new)
2026/08/09 09:27:50 INFO  :   439.950 MiB / 614.545 MiB, 72%, 3.702 MiB/s, ETA 47s
2026/08/09 09:28:15 INFO  : marketing/videos/bruto_miguel_5min41-export corte de silencios.mp4: Copied (new)
2026/08/09 09:28:25 INFO  : marketing/videos/bruto_miguel_5min41-export corte de silencios 3.mp4: Copied (new)
2026/08/09 09:28:50 INFO  :   583.382 MiB / 614.545 MiB, 95%, 1.319 MiB/s, ETA 23s
2026/08/09 09:29:05 INFO  : marketing/videos/bruto_miguel_5min41-export corte de silencios 2.mp4: Copied (new)
2026/08/09 09:29:05 INFO  :   614.545 MiB / 614.545 MiB, 100%, 1.942 MiB/s, ETA 0s
