2026/08/07 20:00:30 INFO  : maquiavel/astro.config.mjs: Copied (new)
2026/08/07 20:00:31 INFO  : maquiavel/package.json: Copied (new)
2026/08/07 20:00:31 INFO  : maquiavel/tsconfig.json: Copied (new)
2026/08/07 20:00:32 INFO  : maquiavel/.gitignore: Copied (new)
2026/08/07 20:00:32 INFO  : maquiavel/.vercelignore: Copied (new)
2026/08/07 20:00:32 INFO  : maquiavel/package-lock.json: Copied (new)
2026/08/07 20:00:32 INFO  : maquiavel/README.md: Copied (new)
2026/08/07 20:00:33 INFO  : maquiavel/src/content.config.ts: Copied (new)
2026/08/07 20:00:33 INFO  : maquiavel/agentes/README.md: Copied (new)
2026/08/07 20:00:34 INFO  : maquiavel/docs/DECISOES_VISUAIS.md: Copied (new)
2026/08/07 20:00:36 INFO  : maquiavel/src/i18n/ui.ts: Copied (new)
2026/08/07 20:00:37 INFO  : maquiavel/.astro/content.d.ts: Copied (new)
2026/08/07 20:00:37 INFO  : maquiavel/.astro/content-modules.mjs: Copied (new)
2026/08/07 20:00:37 INFO  : maquiavel/.astro/content-assets.mjs: Copied (new)
2026/08/07 20:00:37 INFO  : maquiavel/agentes/maquiavel_agente_curador.py: Copied (new)
2026/08/07 20:00:37 INFO  : maquiavel/docs/PROMPT_ANTIGRAVITY_VISUAL.md: Copied (new)
2026/08/07 20:00:38 INFO  : maquiavel/agentes/fontes_curadoria.json: Copied (new)
2026/08/07 20:00:38 INFO  : maquiavel/.astro/types.d.ts: Copied (new)
2026/08/07 20:00:40 INFO  : maquiavel/public/favicon.svg: Copied (new)
2026/08/07 20:00:42 INFO  : maquiavel/docs/manifesto_editorial.md: Copied (new)
2026/08/07 20:00:43 INFO  : maquiavel/src/layouts/Base.astro: Copied (new)
2026/08/07 20:00:44 INFO  : maquiavel/src/styles/global.css: Copied (new)
2026/08/07 20:00:45 INFO  : maquiavel/dist/index.html: Copied (new)
2026/08/07 20:00:45 INFO  : maquiavel/dist/favicon.svg: Copied (new)
2026/08/07 20:00:46 INFO  : maquiavel/src/components/ArchivePage.astro: Copied (new)
2026/08/07 20:00:46 INFO  : maquiavel/src/components/Home.astro: Copied (new)
2026/08/07 20:00:46 INFO  : maquiavel/src/components/ArticlePage.astro: Copied (new)
2026/08/07 20:00:46 INFO  : maquiavel/src/components/SubmitPage.astro: Copied (new)
2026/08/07 20:00:46 INFO  : maquiavel/src/components/PodcastPage.astro: Copied (new)
2026/08/07 20:00:46 INFO  : maquiavel/src/components/AboutPage.astro: Copied (new)
2026/08/07 20:00:48 INFO  : maquiavel/.astro/collections/artigos.schema.json: Copied (new)
2026/08/07 20:00:49 INFO  : maquiavel/.git/COMMIT_EDITMSG: Copied (new)
2026/08/07 20:00:50 INFO  : maquiavel/.git/config: Copied (new)
2026/08/07 20:00:51 INFO  : maquiavel/.git/description: Copied (new)
2026/08/07 20:00:51 INFO  : maquiavel/.git/index: Copied (new)
2026/08/07 20:00:51 INFO  : maquiavel/dist/about/index.html: Copied (new)
2026/08/07 20:00:51 INFO  : maquiavel/.git/HEAD: Copied (new)
2026/08/07 20:00:53 INFO  : maquiavel/public/hero/hero-machiavelli.jpg: Copied (new)
2026/08/07 20:00:53 INFO  : maquiavel/dist/archive/index.html: Copied (new)
2026/08/07 20:00:56 INFO  : maquiavel/dist/_astro/about.Ol56CF5B.css: Copied (new)
2026/08/07 20:00:57 INFO  : maquiavel/src/pages/podcast.astro: Copied (new)
2026/08/07 20:00:57 INFO  : maquiavel/src/pages/submissions.astro: Copied (new)
2026/08/07 20:00:58 INFO  : maquiavel/dist/podcast/index.html: Copied (new)
2026/08/07 20:01:15 INFO  :   792.951 KiB / 1.624 MiB, 48%, 6.413 KiB/s, ETA 2m15s (xfr#43/267)
2026/08/07 20:01:28 INFO  : maquiavel/src/pages/index.astro: Copied (new)
2026/08/07 20:01:32 INFO  : maquiavel/src/data/acervo/repositorios.json: Copied (new)
2026/08/07 20:01:32 INFO  : maquiavel/src/pages/archive.astro: Copied (new)
2026/08/07 20:01:32 INFO  : maquiavel/src/pages/about.astro: Copied (new)
2026/08/07 20:01:32 INFO  : maquiavel/public/brand/maquiavel-logo-graphic-dark.svg: Copied (new)
2026/08/07 20:01:32 INFO  : maquiavel/public/brand/maquiavel-wordmark-light.svg: Copied (new)
2026/08/07 20:01:32 INFO  : maquiavel/public/brand/maquiavel-wordmark-dark.svg: Copied (new)
2026/08/07 20:01:33 INFO  : maquiavel/public/brand/maquiavel-symbol.svg: Copied (new)
2026/08/07 20:01:33 INFO  : maquiavel/public/brand/maquiavel-logo-graphic-light.svg: Copied (new)
2026/08/07 20:01:34 INFO  : maquiavel/src/data/acervo/revistas_brasil.json: Copied (new)
2026/08/07 20:01:35 INFO  : maquiavel/src/data/acervo/substacks.json: Copied (new)
2026/08/07 20:01:35 INFO  : maquiavel/dist/submissions/index.html: Copied (new)
2026/08/07 20:01:35 INFO  : maquiavel/src/data/acervo/revistas_mundo.json: Copied (new)
2026/08/07 20:01:37 INFO  : maquiavel/src/data/acervo/universidades.json: Copied (new)
2026/08/07 20:01:37 INFO  : maquiavel/src/data/acervo/videos.json: Copied (new)
2026/08/07 20:01:38 INFO  : maquiavel/dist/hero/hero-machiavelli.jpg: Copied (new)
2026/08/07 20:01:38 INFO  : maquiavel/dist/es/index.html: Copied (new)
2026/08/07 20:01:41 INFO  : maquiavel/src/content/artigos/en/why-a-journal-named-machiavelli.md: Copied (new)
2026/08/07 20:01:44 INFO  : maquiavel/dist/pt/index.html: Copied (new)
2026/08/07 20:01:45 INFO  : maquiavel/src/content/artigos/es/por-que-una-revista-llamada-maquiavel.md: Copied (new)
2026/08/07 20:01:46 INFO  : maquiavel/.git/logs/HEAD: Copied (new)
2026/08/07 20:01:47 INFO  : maquiavel/dist/brand/maquiavel-symbol.svg: Copied (new)
2026/08/07 20:01:47 INFO  : maquiavel/dist/brand/maquiavel-logo-graphic-light.svg: Copied (new)
2026/08/07 20:01:47 INFO  : maquiavel/dist/brand/maquiavel-wordmark-dark.svg: Copied (new)
2026/08/07 20:01:47 INFO  : maquiavel/dist/brand/maquiavel-logo-graphic-dark.svg: Copied (new)
2026/08/07 20:01:50 INFO  : maquiavel/dist/essays/why-a-journal-named-machiavelli/index.html: Copied (new)
2026/08/07 20:01:51 INFO  : maquiavel/src/content/artigos/pt/por-que-uma-revista-chamada-maquiavel.md: Copied (new)
2026/08/07 20:01:51 INFO  : maquiavel/dist/brand/maquiavel-wordmark-light.svg: Copied (new)
2026/08/07 20:01:53 INFO  : maquiavel/.git/info/exclude: Copied (new)
2026/08/07 20:01:54 INFO  : maquiavel/dist/es/archivo/index.html: Copied (new)
2026/08/07 20:01:55 INFO  : maquiavel/dist/es/podcast/index.html: Copied (new)
2026/08/07 20:01:57 INFO  : maquiavel/dist/es/colaborar/index.html: Copied (new)
2026/08/07 20:02:15 INFO  :     1.181 MiB / 1.665 MiB, 71%, 3.422 KiB/s, ETA 2m24s (xfr#75/267)
2026/08/07 20:02:26 INFO  : maquiavel/dist/es/sobre/index.html: Copied (new)
2026/08/07 20:02:26 INFO  : maquiavel/src/pages/essays/[slug].astro: Copied (new)
2026/08/07 20:02:27 INFO  : maquiavel/src/pages/es/colaborar.astro: Copied (new)
2026/08/07 20:02:27 INFO  : maquiavel/src/pages/es/archivo.astro: Copied (new)
2026/08/07 20:02:36 INFO  : maquiavel/src/pages/es/sobre.astro: Copied (new)
2026/08/07 20:02:36 INFO  : maquiavel/dist/es/ensayos/por-que-una-revista-llamada-maquiavel/index.html: Copied (new)
2026/08/07 20:02:37 INFO  : maquiavel/dist/pt/podcast/index.html: Copied (new)
2026/08/07 20:02:37 INFO  : maquiavel/dist/pt/acervo/index.html: Copied (new)
2026/08/07 20:02:37 INFO  : maquiavel/dist/pt/colaborar/index.html: Copied (new)
2026/08/07 20:02:38 INFO  : maquiavel/src/pages/es/podcast.astro: Copied (new)
2026/08/07 20:02:38 INFO  : maquiavel/src/pages/es/index.astro: Copied (new)
2026/08/07 20:02:39 INFO  : maquiavel/dist/pt/sobre/index.html: Copied (new)
2026/08/07 20:02:40 INFO  : maquiavel/src/pages/es/ensayos/[slug].astro: Copied (new)
2026/08/07 20:02:43 INFO  : maquiavel/.git/refs/heads/main: Copied (new)
2026/08/07 20:02:47 INFO  : maquiavel/dist/pt/ensaios/por-que-uma-revista-chamada-maquiavel/index.html: Copied (new)
2026/08/07 20:02:49 INFO  : maquiavel/.git/refs/remotes/origin/main: Copied (new)
2026/08/07 20:02:50 INFO  : maquiavel/.git/hooks/applypatch-msg.sample: Copied (new)
2026/08/07 20:02:51 INFO  : maquiavel/.git/hooks/commit-msg.sample: Copied (new)
2026/08/07 20:02:51 INFO  : maquiavel/src/pages/pt/colaborar.astro: Copied (new)
2026/08/07 20:02:51 INFO  : maquiavel/src/pages/pt/acervo.astro: Copied (new)
2026/08/07 20:02:51 INFO  : maquiavel/.git/hooks/fsmonitor-watchman.sample: Copied (new)
2026/08/07 20:02:51 INFO  : maquiavel/.git/hooks/pre-applypatch.sample: Copied (new)
2026/08/07 20:02:51 INFO  : maquiavel/.git/hooks/post-update.sample: Copied (new)
2026/08/07 20:02:51 INFO  : maquiavel/src/pages/pt/index.astro: Copied (new)
2026/08/07 20:02:52 INFO  : maquiavel/.git/hooks/pre-commit.sample: Copied (new)
2026/08/07 20:02:53 INFO  : maquiavel/.git/hooks/pre-merge-commit.sample: Copied (new)
2026/08/07 20:02:53 INFO  : maquiavel/src/pages/pt/podcast.astro: Copied (new)
2026/08/07 20:02:53 INFO  : maquiavel/src/pages/pt/sobre.astro: Copied (new)
2026/08/07 20:02:53 INFO  : maquiavel/.git/hooks/pre-push.sample: Copied (new)
2026/08/07 20:02:53 INFO  : maquiavel/.git/hooks/pre-rebase.sample: Copied (new)
2026/08/07 20:02:53 INFO  : maquiavel/.git/hooks/pre-receive.sample: Copied (new)
2026/08/07 20:02:53 INFO  : maquiavel/.git/hooks/prepare-commit-msg.sample: Copied (new)
2026/08/07 20:02:56 INFO  : maquiavel/.git/logs/refs/heads/main: Copied (new)
2026/08/07 20:03:15 INFO  :     1.299 MiB / 1.702 MiB, 76%, 922 B/s, ETA 7m37s (xfr#108/267)
2026/08/07 20:03:28 INFO  : maquiavel/.git/objects/02/21a82368c0660e1b3b88c609319e04faa29402: Copied (new)
2026/08/07 20:03:28 INFO  : maquiavel/.git/logs/refs/remotes/origin/main: Copied (new)
2026/08/07 20:03:28 INFO  : maquiavel/.git/objects/10/9b39a3d51d89e028961ef9016e16c56edb162b: Copied (new)
2026/08/07 20:03:29 INFO  : maquiavel/.git/objects/0b/ace7bd62a38ad0bfa35fcc314077dbc6fdafd6: Copied (new)
2026/08/07 20:03:29 INFO  : maquiavel/.git/objects/04/10bbb2685d109eed3beac0643f11fb750886fb: Copied (new)
2026/08/07 20:03:31 INFO  : maquiavel/.git/objects/03/d7cc43f11700ca6f44a4ac1efc72c8bdf644f2: Copied (new)
2026/08/07 20:03:32 INFO  : maquiavel/src/pages/pt/ensaios/[slug].astro: Copied (new)
2026/08/07 20:03:32 INFO  : maquiavel/.git/objects/10/d0fc3c842194468b9222faa568c1f30b3eb3cd: Copied (new)
2026/08/07 20:03:33 INFO  : maquiavel/.git/hooks/update.sample: Copied (new)
2026/08/07 20:03:33 INFO  : maquiavel/.git/objects/11/f45ffb52b403e580255b6eddfed38c36a15d99: Copied (new)
2026/08/07 20:03:34 INFO  : maquiavel/.git/objects/01/cc78b7829c46cb1f9cc1c6a78575b9ef756910: Copied (new)
2026/08/07 20:03:34 INFO  : maquiavel/.git/objects/01/e233ae67794e3ab7696c47410864cdc919eb8d: Copied (new)
2026/08/07 20:03:35 INFO  : maquiavel/.git/objects/13/c9d8397b3aa2dafb7edb5221a5d9a5a52c6935: Copied (new)
2026/08/07 20:03:38 INFO  : maquiavel/.git/objects/15/820eed081022fd7071ac671df877f8a9d468f0: Copied (new)
2026/08/07 20:03:39 INFO  : maquiavel/.git/objects/14/04fda9c1005fd5bea0315c2d1a1f6eb1ba9fde: Copied (new)
2026/08/07 20:03:41 INFO  : maquiavel/.git/objects/17/1a483cbfe96ec79375548a456f63a8519a9328: Copied (new)
2026/08/07 20:03:41 INFO  : maquiavel/.git/objects/09/31ed4138658b9585703793f2be7fc3433cdde4: Copied (new)
2026/08/07 20:03:42 INFO  : maquiavel/.git/objects/09/551e10095022472c60223e6dde7bc4220a22aa: Copied (new)
2026/08/07 20:03:42 INFO  : maquiavel/.git/objects/06/9284f41f73efd0d373ad10de9cfd9bbba1d43b: Copied (new)
2026/08/07 20:03:42 INFO  : maquiavel/.git/objects/09/9738d31d4d4a1b71a611388745e5139002f1f0: Copied (new)
2026/08/07 20:03:43 INFO  : maquiavel/.git/objects/09/d2ba2fee036eabced048c41f117d3b33cd7ac2: Copied (new)
2026/08/07 20:03:44 INFO  : maquiavel/.git/objects/19/f3d6f23560e427fda4d1151c9eb07a2dfe8f32: Copied (new)
2026/08/07 20:03:45 INFO  : maquiavel/.git/objects/1a/4f91bc982b11076a2829e2bbb377100764dcf8: Copied (new)
2026/08/07 20:03:47 INFO  : maquiavel/.git/objects/1c/66ca965a06a386686dc251ecf6c57ec3bac1a8: Copied (new)
2026/08/07 20:03:48 INFO  : maquiavel/.git/objects/1b/81570e6504b63e222949a11c7fb701b0d21571: Copied (new)
2026/08/07 20:03:50 INFO  : maquiavel/.git/objects/1d/8fd6c749ebf548d1cf52a7d082a39b78705586: Copied (new)
2026/08/07 20:03:51 INFO  : maquiavel/.git/objects/18/858e29a966c1941bbb800c6f115fe0d554a1b6: Copied (new)
2026/08/07 20:03:51 INFO  : maquiavel/.git/objects/18/7d75c64e37aca4a8111389ec76dd49823dc07b: Copied (new)
2026/08/07 20:03:53 INFO  : maquiavel/.git/objects/22/b5b9f86ea1ffe6dc1e4ace80780b2f8371fc75: Copied (new)
2026/08/07 20:03:54 INFO  : maquiavel/.git/objects/27/cdafd7d780f4cdb234df46f30c23f4aab3da8b: Copied (new)
2026/08/07 20:03:55 INFO  : maquiavel/.git/objects/29/4655036e4799121ec7f840d604e949a25f50e5: Copied (new)
2026/08/07 20:03:56 INFO  : maquiavel/.git/objects/2b/8b8234b9c67fd770aea6277a0c32a2bf34e05a: Copied (new)
2026/08/07 20:03:58 INFO  : maquiavel/.git/objects/2a/af3d7e4f1bd4838185ce56cd522cf797648610: Copied (new)
2026/08/07 20:04:00 INFO  : maquiavel/.git/objects/1f/2277f0dae386718a7730a435d9562895093e4d: Copied (new)
2026/08/07 20:04:15 INFO  :     1.324 MiB / 1.706 MiB, 78%, 212 B/s, ETA 31m26s (xfr#142/267)
2026/08/07 20:04:33 INFO  : maquiavel/.git/objects/2d/56f930200afcc621b4cb1172f761e33438cf39: Copied (new)
2026/08/07 20:04:34 INFO  : maquiavel/.git/objects/32/e4b417f0731192292e05923f4be62a0713925a: Copied (new)
2026/08/07 20:04:35 INFO  : maquiavel/.git/objects/1f/0c9339325423e4712b950ec6e34029ebf84233: Copied (new)
2026/08/07 20:04:35 INFO  : maquiavel/.git/objects/2f/fecc79fdea2a1fd3cd1dc95be41fe2d66f1e59: Copied (new)
2026/08/07 20:04:36 INFO  : maquiavel/.git/objects/23/3fc9c92de2f66d4322ccb7e87ed6d05e566364: Copied (new)
2026/08/07 20:04:36 INFO  : maquiavel/.git/objects/36/8395b3986e2ced8b3e561b6394228761b1fe5d: Copied (new)
2026/08/07 20:04:36 INFO  : maquiavel/.git/objects/2d/47e743e6505e229d4f87685c9035d9cc8b235e: Copied (new)
2026/08/07 20:04:36 INFO  : maquiavel/.git/objects/23/69e503afb21c75d54d0360b43e35f320fe0455: Copied (new)
2026/08/07 20:04:38 INFO  : maquiavel/.git/objects/38/12b7b7ce8385bec0c43bee5238d1a947ca90a4: Copied (new)
2026/08/07 20:04:50 INFO  : maquiavel/.git/objects/35/c793ca368d2f387a28eb58f11a846c2a10c7ff: Copied (new)
2026/08/07 20:04:53 INFO  : maquiavel/.git/objects/3e/16c599844574429f02e705b76e48dc8e88b230: Copied (new)
2026/08/07 20:04:54 INFO  : maquiavel/.git/objects/3a/977727a53b433f2d8aee3e9ca454b0eeb6c942: Copied (new)
2026/08/07 20:04:55 INFO  : maquiavel/.git/objects/3b/c9b4010492b2be988a7e8ce091461e72b81208: Copied (new)
2026/08/07 20:04:56 INFO  : maquiavel/.git/objects/44/b0712cee261bae8daeb08c7e526813dba2458b: Copied (new)
2026/08/07 20:04:57 INFO  : maquiavel/.git/objects/46/c0baad114e8274bc83ec9b0e6f055c5cc6864b: Copied (new)
2026/08/07 20:04:58 INFO  : maquiavel/.git/objects/41/56673b40bf923189b3927476fabfb7706d6caf: Copied (new)
2026/08/07 20:04:59 INFO  : maquiavel/.git/objects/40/14fe3d8efb5fbfb8af7ba7c28fecd03e3d6289: Copied (new)
2026/08/07 20:05:15 INFO  :     1.441 MiB / 1.814 MiB, 79%, 3.333 KiB/s, ETA 1m54s (xfr#159/267)
2026/08/07 20:07:59 INFO  :     1.443 MiB / 1.816 MiB, 79%, 85 B/s, ETA 1h16m43s (xfr#159/267)
2026/08/07 20:23:57 INFO  : maquiavel: Set directory modification time (using SetModTime)
2026/08/07 20:23:58 INFO  : maquiavel/.astro: Set directory modification time (using SetModTime)
2026/08/07 20:23:58 INFO  : maquiavel/.git: Set directory modification time (using SetModTime)
2026/08/07 20:23:59 INFO  : maquiavel/agentes: Set directory modification time (using SetModTime)
2026/08/07 20:24:00 INFO  : maquiavel/dist: Set directory modification time (using SetModTime)
2026/08/07 20:24:01 INFO  : maquiavel/docs: Set directory modification time (using SetModTime)
2026/08/07 20:24:01 INFO  : maquiavel/public: Set directory modification time (using SetModTime)
2026/08/07 20:24:02 INFO  : maquiavel/src: Set directory modification time (using SetModTime)
2026/08/07 20:24:03 INFO  : maquiavel/src/components: Set directory modification time (using SetModTime)
2026/08/07 20:24:03 INFO  : maquiavel/.astro/collections: Set directory modification time (using SetModTime)
2026/08/07 20:24:03 INFO  : maquiavel/.git/hooks: Set directory modification time (using SetModTime)
2026/08/07 20:24:04 INFO  : maquiavel/src/content: Set directory modification time (using SetModTime)
2026/08/07 20:24:04 INFO  : maquiavel/.git/info: Set directory modification time (using SetModTime)
2026/08/07 20:24:04 INFO  : maquiavel/src/data: Set directory modification time (using SetModTime)
2026/08/07 20:24:04 INFO  : maquiavel/public/brand: Set directory modification time (using SetModTime)
2026/08/07 20:24:08 INFO  : maquiavel/dist/_astro: Set directory modification time (using SetModTime)
2026/08/07 20:24:14 INFO  : maquiavel/public/hero: Set directory modification time (using SetModTime)
2026/08/07 20:24:16 INFO  : maquiavel/.git/logs: Set directory modification time (using SetModTime)
2026/08/07 20:24:16 INFO  : maquiavel/dist/about: Set directory modification time (using SetModTime)
2026/08/07 20:24:17 INFO  : maquiavel/.git/objects: Set directory modification time (using SetModTime)
2026/08/07 20:24:17 INFO  : maquiavel/dist/archive: Set directory modification time (using SetModTime)
2026/08/07 20:24:18 INFO  : maquiavel/src/i18n: Set directory modification time (using SetModTime)
2026/08/07 20:24:19 INFO  : maquiavel/src/layouts: Set directory modification time (using SetModTime)
2026/08/07 20:24:20 INFO  : maquiavel/src/pages: Set directory modification time (using SetModTime)
2026/08/07 20:24:20 INFO  : maquiavel/src/styles: Set directory modification time (using SetModTime)
2026/08/07 20:24:20 INFO  : maquiavel/dist/brand: Set directory modification time (using SetModTime)
2026/08/07 20:24:21 INFO  : maquiavel/src/pages/es: Set directory modification time (using SetModTime)
2026/08/07 20:24:22 INFO  : maquiavel/dist/es: Set directory modification time (using SetModTime)
2026/08/07 20:24:22 INFO  : maquiavel/.git/refs: Set directory modification time (using SetModTime)
2026/08/07 20:24:22 INFO  : maquiavel/src/pages/essays: Set directory modification time (using SetModTime)
2026/08/07 20:24:23 INFO  : maquiavel/src/content/artigos: Set directory modification time (using SetModTime)
2026/08/07 20:24:23 INFO  : maquiavel/dist/essays: Set directory modification time (using SetModTime)
2026/08/07 20:24:23 INFO  : maquiavel/src/pages/pt: Set directory modification time (using SetModTime)
2026/08/07 20:24:24 INFO  : maquiavel/dist/hero: Set directory modification time (using SetModTime)
2026/08/07 20:24:24 INFO  : maquiavel/.git/objects/01: Set directory modification time (using SetModTime)
2026/08/07 20:24:24 INFO  : maquiavel/dist/podcast: Set directory modification time (using SetModTime)
2026/08/07 20:24:24 INFO  : maquiavel/.git/objects/02: Set directory modification time (using SetModTime)
2026/08/07 20:24:25 INFO  : maquiavel/dist/pt: Set directory modification time (using SetModTime)
2026/08/07 20:24:26 INFO  : maquiavel/dist/submissions: Set directory modification time (using SetModTime)
2026/08/07 20:24:26 INFO  : maquiavel/src/data/acervo: Set directory modification time (using SetModTime)
2026/08/07 20:24:26 INFO  : maquiavel/.git/objects/03: Set directory modification time (using SetModTime)
2026/08/07 20:24:26 INFO  : maquiavel/.git/logs/refs: Set directory modification time (using SetModTime)
2026/08/07 20:24:27 INFO  : maquiavel/src/content/artigos/en: Set directory modification time (using SetModTime)
2026/08/07 20:24:27 INFO  : maquiavel/.git/objects/04: Set directory modification time (using SetModTime)
2026/08/07 20:24:27 INFO  : maquiavel/src/content/artigos/es: Set directory modification time (using SetModTime)
2026/08/07 20:24:27 INFO  : maquiavel/dist/es/archivo: Set directory modification time (using SetModTime)
2026/08/07 20:24:28 INFO  : maquiavel/src/content/artigos/pt: Set directory modification time (using SetModTime)
2026/08/07 20:24:28 INFO  : maquiavel/dist/es/colaborar: Set directory modification time (using SetModTime)
2026/08/07 20:24:28 INFO  : maquiavel/.git/objects/06: Set directory modification time (using SetModTime)
2026/08/07 20:24:28 INFO  : maquiavel/src/pages/pt/ensaios: Set directory modification time (using SetModTime)
2026/08/07 20:24:28 INFO  : maquiavel/.git/refs/heads: Set directory modification time (using SetModTime)
2026/08/07 20:24:28 INFO  : maquiavel/src/pages/es/ensayos: Set directory modification time (using SetModTime)
2026/08/07 20:24:28 INFO  : maquiavel/dist/essays/why-a-journal-named-machiavelli: Set directory modification time (using SetModTime)
2026/08/07 20:24:29 INFO  : maquiavel/dist/es/ensayos: Set directory modification time (using SetModTime)
2026/08/07 20:24:29 INFO  : maquiavel/.git/objects/09: Set directory modification time (using SetModTime)
2026/08/07 20:24:29 INFO  : maquiavel/dist/pt/acervo: Set directory modification time (using SetModTime)
2026/08/07 20:24:29 INFO  : maquiavel/.git/refs/remotes: Set directory modification time (using SetModTime)
2026/08/07 20:24:29 INFO  : maquiavel/dist/es/podcast: Set directory modification time (using SetModTime)
2026/08/07 20:24:29 INFO  : maquiavel/dist/pt/colaborar: Set directory modification time (using SetModTime)
2026/08/07 20:24:30 INFO  : maquiavel/.git/objects/0b: Set directory modification time (using SetModTime)
2026/08/07 20:24:30 INFO  : maquiavel/.git/logs/refs/heads: Set directory modification time (using SetModTime)
2026/08/07 20:24:30 INFO  : maquiavel/dist/es/sobre: Set directory modification time (using SetModTime)
2026/08/07 20:24:30 INFO  : maquiavel/dist/pt/ensaios: Set directory modification time (using SetModTime)
2026/08/07 20:24:30 INFO  : maquiavel/.git/logs/refs/remotes: Set directory modification time (using SetModTime)
2026/08/07 20:24:30 INFO  : maquiavel/.git/objects/10: Set directory modification time (using SetModTime)
2026/08/07 20:24:31 INFO  : maquiavel/dist/pt/podcast: Set directory modification time (using SetModTime)
2026/08/07 20:24:31 INFO  : maquiavel/.git/objects/11: Set directory modification time (using SetModTime)
2026/08/07 20:24:32 INFO  : maquiavel/.git/objects/13: Set directory modification time (using SetModTime)
2026/08/07 20:24:32 INFO  : maquiavel/dist/es/ensayos/por-que-una-revista-llamada-maquiavel: Set directory modification time (using SetModTime)
2026/08/07 20:24:32 INFO  : maquiavel/.git/refs/remotes/origin: Set directory modification time (using SetModTime)
2026/08/07 20:24:32 INFO  : maquiavel/.git/objects/14: Set directory modification time (using SetModTime)
2026/08/07 20:24:33 INFO  : maquiavel/.git/objects/15: Set directory modification time (using SetModTime)
2026/08/07 20:24:33 INFO  : maquiavel/.git/logs/refs/remotes/origin: Set directory modification time (using SetModTime)
2026/08/07 20:24:33 INFO  : maquiavel/dist/pt/sobre: Set directory modification time (using SetModTime)
2026/08/07 20:24:33 INFO  : maquiavel/.git/objects/17: Set directory modification time (using SetModTime)
2026/08/07 20:24:34 INFO  : maquiavel/.git/objects/18: Set directory modification time (using SetModTime)
2026/08/07 20:24:34 INFO  : maquiavel/dist/pt/ensaios/por-que-uma-revista-chamada-maquiavel: Set directory modification time (using SetModTime)
2026/08/07 20:24:35 INFO  : maquiavel/.git/objects/19: Set directory modification time (using SetModTime)
2026/08/07 20:24:35 INFO  : maquiavel/.git/objects/1a: Set directory modification time (using SetModTime)
2026/08/07 20:24:36 INFO  : maquiavel/.git/objects/1b: Set directory modification time (using SetModTime)
2026/08/07 20:24:37 INFO  : maquiavel/.git/objects/1c: Set directory modification time (using SetModTime)
2026/08/07 20:24:38 INFO  : maquiavel/.git/objects/1d: Set directory modification time (using SetModTime)
2026/08/07 20:24:38 INFO  : maquiavel/.git/objects/1f: Set directory modification time (using SetModTime)
2026/08/07 20:24:39 INFO  : maquiavel/.git/objects/22: Set directory modification time (using SetModTime)
2026/08/07 20:24:40 INFO  : maquiavel/.git/objects/23: Set directory modification time (using SetModTime)
2026/08/07 20:24:40 INFO  : maquiavel/.git/objects/27: Set directory modification time (using SetModTime)
2026/08/07 20:24:41 INFO  : maquiavel/.git/objects/29: Set directory modification time (using SetModTime)
2026/08/07 20:24:42 INFO  : maquiavel/.git/objects/2a: Set directory modification time (using SetModTime)
2026/08/07 20:24:42 INFO  : maquiavel/.git/objects/2b: Set directory modification time (using SetModTime)
2026/08/07 20:24:43 INFO  : maquiavel/.git/objects/2d: Set directory modification time (using SetModTime)
2026/08/07 20:24:46 INFO  : maquiavel/.git/objects/2f: Set directory modification time (using SetModTime)
2026/08/07 20:24:47 INFO  : maquiavel/.git/objects/32: Set directory modification time (using SetModTime)
2026/08/07 20:24:48 INFO  : maquiavel/.git/objects/35: Set directory modification time (using SetModTime)
2026/08/07 20:24:49 INFO  : maquiavel/.git/objects/36: Set directory modification time (using SetModTime)
2026/08/07 20:24:49 INFO  : maquiavel/.git/objects/38: Set directory modification time (using SetModTime)
2026/08/07 20:24:50 INFO  : maquiavel/.git/objects/3a: Set directory modification time (using SetModTime)
2026/08/07 20:24:51 INFO  : maquiavel/.git/objects/3b: Set directory modification time (using SetModTime)
2026/08/07 20:24:51 INFO  : maquiavel/.git/objects/3e: Set directory modification time (using SetModTime)
2026/08/07 20:24:52 INFO  : maquiavel/.git/objects/40: Set directory modification time (using SetModTime)
2026/08/07 20:24:53 INFO  : maquiavel/.git/objects/41: Set directory modification time (using SetModTime)
2026/08/07 20:24:54 INFO  : maquiavel/.git/objects/44: Set directory modification time (using SetModTime)
2026/08/07 20:24:54 INFO  : maquiavel/.git/objects/46: Set directory modification time (using SetModTime)
2026/08/07 20:24:55 INFO  : maquiavel/.git/objects/4b: Set directory modification time (using SetModTime)
2026/08/07 20:24:56 INFO  : maquiavel/.git/objects/4f: Set directory modification time (using SetModTime)
2026/08/07 20:24:56 INFO  :           0 B / 0 B, -, 0 B/s, ETA -
2026/08/07 20:24:56 INFO  : maquiavel/.git/objects/54: Set directory modification time (using SetModTime)
2026/08/07 20:24:57 INFO  : maquiavel/.git/objects/56: Set directory modification time (using SetModTime)
2026/08/07 20:24:58 INFO  : maquiavel/.git/objects/58: Set directory modification time (using SetModTime)
2026/08/07 20:25:02 INFO  : maquiavel/.git/objects/4c/513f4ab7fb44244b3e09e604729e1fb549d5da: Copied (new)
2026/08/07 20:25:28 INFO  : maquiavel/.git/objects/4b/06bbbd750ee950eee91db8e8a7e6cbdc1fdd88: Copied (new)
2026/08/07 20:25:28 INFO  : maquiavel/.git/objects/47/8bcc6f3f3da252138716aae5dec8e5ea112068: Copied (new)
2026/08/07 20:25:28 INFO  : maquiavel/.git/objects/47/f5a344b85e89cf29f84d93235cc7b81f76c0ea: Copied (new)
2026/08/07 20:25:28 INFO  : maquiavel/.git/objects/49/08398ba3a2220d59fda2f8d3b00c8263b0d357: Copied (new)
2026/08/07 20:25:28 INFO  : maquiavel/.git/objects/40/26362cb38e12b0a03fd84e131478012b0cdcd0: Copied (new)
2026/08/07 20:25:28 INFO  : maquiavel/.git/objects/4c/9f4a36a955f04c9cacdf15a2c12075fad5a7b4: Copied (new)
2026/08/07 20:25:28 INFO  : maquiavel/.git/objects/54/a98f11354b71d4fcd592a97bae91ebc0ca5a70: Copied (new)
2026/08/07 20:25:32 INFO  : maquiavel/.git/objects/4f/a789bb98ebc7c70cb9610d7c6c3a4ca113f6b1: Copied (new)
2026/08/07 20:25:32 INFO  : maquiavel/.git/objects/40/eec049fcea5f217bd92cffd5428c3beded3c1b: Copied (new)
2026/08/07 20:25:33 INFO  : maquiavel/.git/objects/5f/3489e1c92ffb96862bcf995adbd358b83c703e: Copied (new)
2026/08/07 20:25:34 INFO  : maquiavel/.git/objects/60/59f68f48e55297a05761222451bcf18846414e: Copied (new)
2026/08/07 20:25:35 INFO  : maquiavel/.git/objects/65/91bb7608d8a6f9d72fe2193b26c06e6ea1b382: Copied (new)
2026/08/07 20:25:36 INFO  : maquiavel/.git/objects/5c/7348f5b0eafd3fe9c3d645abd0e5575f349586: Copied (new)
2026/08/07 20:25:36 INFO  : maquiavel/.git/objects/5e/49e0922fcd4b6a51b9a2ea42e0cb4f43160e3a: Copied (new)
2026/08/07 20:25:36 INFO  : maquiavel/.git/objects/4f/6c60bc8f76bcaddb9c74a28a7a80f2faf6515a: Copied (new)
2026/08/07 20:25:36 INFO  : maquiavel/.git/objects/5e/c93c7319d3ed34460aefb3692f3be321ddd3a9: Copied (new)
2026/08/07 20:25:38 INFO  : maquiavel/.git/objects/67/c364d0d7223d82d4a2c2bcb6e48c16b88ae1d8: Copied (new)
2026/08/07 20:25:38 INFO  : maquiavel/.git/objects/67/dc674ef1709a04071a477ce69811941f57691b: Copied (new)
2026/08/07 20:25:39 INFO  : maquiavel/.git/objects/6b/be8c87a41740fb31d357ae6a2a485549ec3a37: Copied (new)
2026/08/07 20:25:40 INFO  : maquiavel/.git/objects/66/1dc566c70955fae422c4207995c972c83fafcb: Copied (new)
2026/08/07 20:25:41 INFO  : maquiavel/.git/objects/66/ab30b5544b23bf19d3460196f840cb44a5b3e8: Copied (new)
2026/08/07 20:25:43 INFO  : maquiavel/.git/objects/6c/0abd32f49a9c271c1c59e581904cecd27fd145: Copied (new)
2026/08/07 20:25:44 INFO  : maquiavel/.git/objects/7a/68a59a8f7ce05a32bff222d7e8ed60d571e8ff: Copied (new)
2026/08/07 20:25:45 INFO  : maquiavel/.git/objects/6d/c6d2fd04540528dd8bba7a2a8cfe7b998331a3: Copied (new)
2026/08/07 20:25:45 INFO  : maquiavel/.git/objects/6d/3375e60579716234f592a57868abd6c5892c5b: Copied (new)
2026/08/07 20:25:46 INFO  : maquiavel/.git/objects/7f/ecd4971609c17bbc19e259e091684fadc8ecbf: Copied (new)
2026/08/07 20:25:47 INFO  : maquiavel/.git/objects/70/99e337edfe417cd9342bab2d650a5a3ff8d51c: Copied (new)
2026/08/07 20:25:48 INFO  : maquiavel/.git/objects/70/a14c6de7d461de462c8ecf14302a749b0378e6: Copied (new)
2026/08/07 20:25:51 INFO  : maquiavel/.git/objects/81/cbbf29bd68c7a8626ffcc05ee252527f4c390d: Copied (new)
2026/08/07 20:25:52 INFO  : maquiavel/.git/objects/85/964282d7ea2c7dd3b44e3fe4389a8dd12a6704: Copied (new)
2026/08/07 20:25:53 INFO  : maquiavel/.git/objects/88/5e7db0099fbbd5c836fa91a127d1fd7bc02f25: Copied (new)
2026/08/07 20:25:54 INFO  : maquiavel/.git/objects/83/1893de8714d9d6f87a25c981363911015f78b9: Copied (new)
2026/08/07 20:25:55 INFO  : maquiavel/.git/objects/83/697ea044589d02056bd8f6b2002627b2ef978b: Copied (new)
2026/08/07 20:25:56 INFO  :    58.139 KiB / 406.426 KiB, 14%, 860 B/s, ETA 6m54s (xfr#34/108)
2026/08/07 20:25:56 INFO  : maquiavel/.git/objects/70/fa664c19b922a00d5edcbefe2d752fa215828c: Copied (new)
2026/08/07 20:25:56 INFO  : maquiavel/.git/objects/8b/f91d3bb997dfb0ea4a592b849545656f0fcebe: Copied (new)
2026/08/07 20:25:57 INFO  : maquiavel/.git/objects/82/ade38b1ec790fb62bcd64fa94cc1a0da46361f: Copied (new)
2026/08/07 20:25:58 INFO  : maquiavel/.git/objects/8e/2856a4ccb5c6fe8d90e3f2104aaa325eba5cf6: Copied (new)
2026/08/07 20:25:59 INFO  : maquiavel/.git/objects/92/5c2cfc5fb33c851d0864614b3ecd4068a9731c: Copied (new)
2026/08/07 20:26:33 INFO  : maquiavel/.git/objects/98/b9a95f103e5de2c3eaaecabbc38b10bd3575e1: Copied (new)
2026/08/07 20:26:34 INFO  : maquiavel/.git/objects/99/1cd6d17c314ff19e1cf8148d4d256155ff0d6b: Copied (new)
2026/08/07 20:26:35 INFO  : maquiavel/.git/objects/8d/3e30986d24fc7ca49f875ee5de6d72f265bfdc: Copied (new)
2026/08/07 20:26:35 INFO  : maquiavel/.git/objects/96/13a916036d6e9093e4d43de8f3b3a27643b83c: Copied (new)
2026/08/07 20:26:35 INFO  : maquiavel/.git/objects/97/974a4d1e117323e2111d4e66138775bf526371: Copied (new)
2026/08/07 20:26:35 INFO  : maquiavel/.git/objects/9c/ac0570717153e169a94b589a45feee1e765f50: Copied (new)
2026/08/07 20:26:35 INFO  : maquiavel/.git/objects/93/3386b633c0599abc587d904a61d464e10e3c6e: Copied (new)
2026/08/07 20:26:35 INFO  : maquiavel/.git/objects/95/5f92001c1e0287a460e04048d1fc6a2803f8ff: Copied (new)
2026/08/07 20:26:35 INFO  : maquiavel/.git/objects/9c/fed61907524cc9063f65e04a6fb4cf68c5ee4a: Copied (new)
2026/08/07 20:26:50 INFO  : maquiavel/.git/objects/9d/e93dbb8fb930ed26066be3b5cf2db15c67cd5d: Copied (new)
2026/08/07 20:26:52 INFO  : maquiavel/.git/objects/a1/be310e2bc905f57ca81d300d16ef21069fd3b8: Copied (new)
2026/08/07 20:26:54 INFO  : maquiavel/.git/objects/ac/5d0e76d0833c08a85be58ca593bc321bb9b3ef: Copied (new)
2026/08/07 20:26:55 INFO  : maquiavel/.git/objects/ae/2068bf663d8d4d779a930c5b4ee163db58e20f: Copied (new)
2026/08/07 20:26:56 INFO  : maquiavel/.git/objects/b1/f60f70b3b0f24850ead01725d5b65375488abf: Copied (new)
2026/08/07 20:26:56 INFO  :    65.510 KiB / 406.995 KiB, 16%, 202 B/s, ETA 28m48s (xfr#53/108)
2026/08/07 20:26:57 INFO  : maquiavel/.git/objects/b9/ec2b5947dd5a9332df9cf2762ed19d491d9654: Copied (new)
2026/08/07 20:26:58 INFO  : maquiavel/.git/objects/ad/5b30d3873f813df67cde7a306fbcef73f6d0ba: Copied (new)
2026/08/07 20:26:58 INFO  : maquiavel/.git/objects/ad/1c0512066890b5dd9f7611d6fcd88a325fc1b3: Copied (new)
2026/08/07 20:26:59 INFO  : maquiavel/.git/objects/ad/c248a00a1a3defe7c48b20f8d9c2a20c222fd1: Copied (new)
2026/08/07 20:27:00 INFO  : maquiavel/.git/objects/bb/61eba56a440963afe4f9a8b2e8f5d5235573b9: Copied (new)
2026/08/07 20:27:01 INFO  : maquiavel/.git/objects/be/dde7e6ff414f0102ea41979e8f6c543d37ae1c: Copied (new)
2026/08/07 20:27:02 INFO  : maquiavel/.git/objects/bf/d8e8d17e2b1d092ac96fe010835f32a6484a9c: Copied (new)
2026/08/07 20:27:28 INFO  : maquiavel/.git/objects/c0/a54ae720fc89bd2306bcd76ab742294e133971: Copied (new)
2026/08/07 20:27:31 INFO  : maquiavel/.git/objects/c9/66a5680971a99242148bd5a1a902d716c59236: Copied (new)
2026/08/07 20:27:34 INFO  : maquiavel/.git/objects/c4/da2708247ebe93af370d126f1724811d45beb3: Copied (new)
2026/08/07 20:27:37 INFO  : maquiavel/.git/objects/ca/f491d413aabc61d8e4b3b91144f34a3a7c9e1f: Copied (new)
2026/08/07 20:27:49 INFO  : maquiavel/.git/objects/c3/601a54195eed62fbb288943d58f58a48d43599: Copied (new)
2026/08/07 20:27:49 INFO  : maquiavel/.git/objects/cd/a4fccefc0e3ee80b9c464ad4493b28e7b42125: Copied (new)
2026/08/07 20:27:49 INFO  : maquiavel/.git/objects/c1/2a92f52cc77f523a1d7216d71a249f3af4f5a0: Copied (new)
2026/08/07 20:27:49 INFO  : maquiavel/.git/objects/c0/a31e7fdf1665d2452765530b31f03a06ed6725: Copied (new)
2026/08/07 20:27:49 INFO  : maquiavel/.git/objects/b2/792c3c89222cc17384db9247a5967b9ed0f2ae: Copied (new)
2026/08/07 20:27:49 INFO  : maquiavel/.git/objects/b2/92524be99fbcfdf72d592dac10652aabea4b83: Copied (new)
2026/08/07 20:27:49 INFO  : maquiavel/.git/objects/c1/4c5f7610437ff13ecd19c1c5e6833ef5e56f73: Copied (new)
2026/08/07 20:27:50 INFO  : maquiavel/.git/objects/c0/579a13a5fe0fdac01b417ee1db11a52523e09d: Copied (new)
2026/08/07 20:27:51 INFO  : maquiavel/.git/objects/d2/1e04b6f3645f2122e9f02232ca0fd1f86dcfe3: Copied (new)
2026/08/07 20:27:55 INFO  : maquiavel/.git/objects/cf/b6e01a4a306f71065b1feb6951afd03d32aff5: Copied (new)
2026/08/07 20:27:55 INFO  : maquiavel/.git/objects/c7/b05079463c740294a4560cf607657f3a8a5d2d: Copied (new)
2026/08/07 20:27:56 INFO  : maquiavel/.git/objects/c7/635f84abab1c9afd65cee0f0e3ce62ed239642: Copied (new)
2026/08/07 20:27:56 INFO  : maquiavel/.git/objects/c7/1667939105e681b706a16bdd84777c010bfd1d: Copied (new)
2026/08/07 20:27:56 INFO  :    84.548 KiB / 411.648 KiB, 21%, 439 B/s, ETA 12m42s (xfr#77/108)
2026/08/07 20:27:57 INFO  : maquiavel/.git/objects/d5/f4870cd766e7efec438f621328f5a83c2d3fe6: Copied (new)
2026/08/07 20:27:58 INFO  : maquiavel/.git/objects/dc/4351ad2d281bf0e5d37b5a6454aed3430ed822: Copied (new)
2026/08/07 20:27:59 INFO  : maquiavel/.git/objects/de/48574b91e91ff9ad29a114ce456a2b70367fe6: Copied (new)
2026/08/07 20:28:00 INFO  : maquiavel/.git/objects/e2/db2a0654c58e5c51f59bce679b5eb90e50d172: Copied (new)
2026/08/07 20:28:04 INFO  : maquiavel/.git/objects/e4/2a868f588ebd97d407ea6ff56a131406cee4f5: Copied (new)
2026/08/07 20:28:29 INFO  : maquiavel/.git/objects/ea/c818dc5109ac64c246124501b8b4f31dfc4fd5: Copied (new)
2026/08/07 20:28:30 INFO  : maquiavel/.git/objects/e4/917dd40155ad4c9ce2950c6d80e75a71884a43: Copied (new)
2026/08/07 20:28:30 INFO  : maquiavel/.git/objects/e5/125153d809ff31036f33f381f5f2e941c1f325: Copied (new)
2026/08/07 20:28:30 INFO  : maquiavel/.git/objects/ea/1e7018edbcc21c2fb8f0ba1f86d737046aa9ce: Copied (new)
2026/08/07 20:28:30 INFO  : maquiavel/.git/objects/dd/ce69b680698c8af84d31e8950ba8ce2a8eae75: Copied (new)
2026/08/07 20:28:30 INFO  : maquiavel/.git/objects/eb/33b67cc745babf294f6118862ad36d6c2759db: Copied (new)
2026/08/07 20:28:31 INFO  : maquiavel/.git/objects/e5/322e326094a4d259181172527fccfcc11cfc0b: Copied (new)
2026/08/07 20:28:31 INFO  : maquiavel/.git/objects/eb/bcf2cc1cc88fedde20b19a30694c732221a7a6: Copied (new)
2026/08/07 20:28:33 INFO  : maquiavel/.git/objects/ec/0023684d68e7c0b6e5bd9352b759961661f99a: Copied (new)
2026/08/07 20:28:34 INFO  : maquiavel/.git/objects/e5/3e22a60c95f12697b75513f9f10dd0907c68bf: Copied (new)
2026/08/07 20:28:34 INFO  : maquiavel/.git/objects/eb/be93280851080052754d4446433fc41a5050ee: Copied (new)
2026/08/07 20:28:35 INFO  : maquiavel/.git/objects/ef/f4350b29e3367afb8205e2edef233cb7cc6c13: Copied (new)
2026/08/07 20:28:35 INFO  : maquiavel/.git/objects/ef/93eafb8a0cadcbf6a832d6d7ac7ec0d531dad9: Copied (new)
2026/08/07 20:28:36 INFO  : maquiavel/.git/objects/f5/716c2b1c6760b1d1c9373ad7abe3a28fcce32e: Copied (new)
2026/08/07 20:28:41 INFO  : maquiavel/.git/objects/f9/9c9661282d6cdaa94050ef2c43529014e6bf5d: Copied (new)
2026/08/07 20:28:42 INFO  : maquiavel/.git/objects/fa/d11bdadd496d9bd872f2f692390183d5b942ba: Copied (new)
2026/08/07 20:28:43 INFO  : maquiavel/.git/objects/fc/bbc7286a446af3ac820830292069393716a233: Copied (new)
2026/08/07 20:28:44 INFO  : maquiavel/.git/objects/f2/6fdd4315af8f8ddb4adb6deadcbaea48ac0486: Copied (new)
2026/08/07 20:28:44 INFO  : maquiavel/.git/objects/fb/3249061b8d162038afc618c8c3114aa4dccbd7: Copied (new)
2026/08/07 20:28:44 INFO  : maquiavel/.git/objects/fb/1ab931464b587d9b48166f2307f3394b3e9819: Copied (new)
2026/08/07 20:28:45 INFO  : maquiavel/.git/objects/f7/6a635e397cac603868b698c040e5fe4d92e371: Copied (new)
2026/08/07 20:28:45 INFO  : maquiavel/.git/objects/ff/a251853236060b741a733c54729bf723f3e541: Copied (new)
2026/08/07 20:28:47 INFO  : maquiavel/.git/objects/fd/c80956d2d4aadec9243c4280b9a70ec3d35697: Copied (new)
2026/08/07 20:28:47 INFO  : maquiavel/.git/objects/58/6828dac2b17538dcee5859f3532008515423d2: Copied (new)
2026/08/07 20:28:47 INFO  : maquiavel/.git/objects/56/a6e14096bb4adbb268854e59abad40531b1025: Copied (new)
2026/08/07 20:28:49 INFO  : maquiavel/.git/objects/fd/9e3a8a43fc96bfabe1a078bcc8a9c73205a414: Copied (new)
2026/08/07 20:28:49 INFO  : maquiavel/.git/objects/4b: Set directory modification time (using SetModTime)
2026/08/07 20:28:49 INFO  : maquiavel/.git/objects/4f: Set directory modification time (using SetModTime)
2026/08/07 20:28:49 INFO  : maquiavel/.git/objects/40: Set directory modification time (using SetModTime)
2026/08/07 20:28:49 INFO  : maquiavel/.git/objects/54: Set directory modification time (using SetModTime)
2026/08/07 20:28:49 INFO  : maquiavel/.git/objects/56: Set directory modification time (using SetModTime)
2026/08/07 20:28:49 INFO  : maquiavel/.git/objects/4c: Set directory modification time (using DirSetModTime)
2026/08/07 20:28:49 INFO  : maquiavel/.git/objects/47: Set directory modification time (using DirSetModTime)
2026/08/07 20:28:49 INFO  : maquiavel/.git/objects/49: Set directory modification time (using DirSetModTime)
2026/08/07 20:28:50 INFO  : maquiavel/.git/objects/5e: Set directory modification time (using DirSetModTime)
2026/08/07 20:28:50 INFO  : maquiavel/.git/objects/5f: Set directory modification time (using DirSetModTime)
2026/08/07 20:28:50 INFO  : maquiavel/.git/objects/58: Set directory modification time (using SetModTime)
2026/08/07 20:28:50 INFO  : maquiavel/.git/objects/5c: Set directory modification time (using DirSetModTime)
2026/08/07 20:28:50 INFO  : maquiavel/.git/objects/65: Set directory modification time (using DirSetModTime)
2026/08/07 20:28:50 INFO  : maquiavel/.git/objects/66: Set directory modification time (using DirSetModTime)
2026/08/07 20:28:50 INFO  : maquiavel/.git/objects/60: Set directory modification time (using DirSetModTime)
2026/08/07 20:28:50 INFO  : maquiavel/.git/objects/67: Set directory modification time (using DirSetModTime)
2026/08/07 20:28:50 INFO  : maquiavel/.git/objects/6b: Set directory modification time (using DirSetModTime)
2026/08/07 20:28:50 INFO  : maquiavel/.git/objects/6d: Set directory modification time (using DirSetModTime)
2026/08/07 20:28:51 INFO  : maquiavel/.git/objects/70: Set directory modification time (using DirSetModTime)
2026/08/07 20:28:51 INFO  : maquiavel/.git/objects/6c: Set directory modification time (using DirSetModTime)
2026/08/07 20:28:51 INFO  : maquiavel/.git/objects/7a: Set directory modification time (using DirSetModTime)
2026/08/07 20:28:51 INFO  : maquiavel/.git/objects/81: Set directory modification time (using DirSetModTime)
2026/08/07 20:28:51 INFO  : maquiavel/.git/objects/7f: Set directory modification time (using DirSetModTime)
2026/08/07 20:28:51 INFO  : maquiavel/.git/objects/82: Set directory modification time (using DirSetModTime)
2026/08/07 20:28:51 INFO  : maquiavel/.git/objects/83: Set directory modification time (using DirSetModTime)
2026/08/07 20:28:51 INFO  : maquiavel/.git/objects/85: Set directory modification time (using DirSetModTime)
2026/08/07 20:28:51 INFO  : maquiavel/.git/objects/8d: Set directory modification time (using DirSetModTime)
2026/08/07 20:28:51 INFO  : maquiavel/.git/objects/88: Set directory modification time (using DirSetModTime)
2026/08/07 20:28:51 INFO  : maquiavel/.git/objects/8b: Set directory modification time (using DirSetModTime)
2026/08/07 20:28:51 INFO  : maquiavel/.git/objects/93: Set directory modification time (using DirSetModTime)
2026/08/07 20:28:51 INFO  : maquiavel/.git/objects/8e: Set directory modification time (using DirSetModTime)
2026/08/07 20:28:51 INFO  : maquiavel/.git/objects/92: Set directory modification time (using DirSetModTime)
2026/08/07 20:28:52 INFO  : maquiavel/.git/objects/97: Set directory modification time (using DirSetModTime)
2026/08/07 20:28:52 INFO  : maquiavel/.git/objects/95: Set directory modification time (using DirSetModTime)
2026/08/07 20:28:52 INFO  : maquiavel/.git/objects/96: Set directory modification time (using DirSetModTime)
2026/08/07 20:28:52 INFO  : maquiavel/.git/objects/99: Set directory modification time (using DirSetModTime)
2026/08/07 20:28:52 INFO  : maquiavel/.git/objects/98: Set directory modification time (using DirSetModTime)
2026/08/07 20:28:52 INFO  : maquiavel/.git/objects/9c: Set directory modification time (using DirSetModTime)
2026/08/07 20:28:52 INFO  : maquiavel/.git/objects/9d: Set directory modification time (using DirSetModTime)
2026/08/07 20:28:52 INFO  : maquiavel/.git/objects/a1: Set directory modification time (using DirSetModTime)
2026/08/07 20:28:52 INFO  : maquiavel/.git/objects/ac: Set directory modification time (using DirSetModTime)
2026/08/07 20:28:52 INFO  : maquiavel/.git/objects/ae: Set directory modification time (using DirSetModTime)
2026/08/07 20:28:52 INFO  : maquiavel/.git/objects/b1: Set directory modification time (using DirSetModTime)
2026/08/07 20:28:52 INFO  : maquiavel/.git/objects/ad: Set directory modification time (using DirSetModTime)
2026/08/07 20:28:52 INFO  : maquiavel/.git/objects/b9: Set directory modification time (using DirSetModTime)
2026/08/07 20:28:52 INFO  : maquiavel/.git/objects/b2: Set directory modification time (using DirSetModTime)
2026/08/07 20:28:52 INFO  : maquiavel/.git/objects/bb: Set directory modification time (using DirSetModTime)
2026/08/07 20:28:52 INFO  : maquiavel/.git/objects/be: Set directory modification time (using DirSetModTime)
2026/08/07 20:28:53 INFO  : maquiavel/.git/objects/c0: Set directory modification time (using DirSetModTime)
2026/08/07 20:28:53 INFO  : maquiavel/.git/objects/c1: Set directory modification time (using DirSetModTime)
2026/08/07 20:28:53 INFO  : maquiavel/.git/objects/c4: Set directory modification time (using DirSetModTime)
2026/08/07 20:28:53 INFO  : maquiavel/.git/objects/c3: Set directory modification time (using DirSetModTime)
2026/08/07 20:28:53 INFO  : maquiavel/.git/objects/bf: Set directory modification time (using DirSetModTime)
2026/08/07 20:28:53 INFO  : maquiavel/.git/objects/c7: Set directory modification time (using DirSetModTime)
2026/08/07 20:28:53 INFO  : maquiavel/.git/objects/c9: Set directory modification time (using DirSetModTime)
2026/08/07 20:28:53 INFO  : maquiavel/.git/objects/ca: Set directory modification time (using DirSetModTime)
2026/08/07 20:28:54 INFO  : maquiavel/.git/objects/d2: Set directory modification time (using DirSetModTime)
2026/08/07 20:28:54 INFO  : maquiavel/.git/objects/dd: Set directory modification time (using DirSetModTime)
2026/08/07 20:28:54 INFO  : maquiavel/.git/objects/cd: Set directory modification time (using DirSetModTime)
2026/08/07 20:28:54 INFO  : maquiavel/.git/objects/d5: Set directory modification time (using DirSetModTime)
2026/08/07 20:28:54 INFO  : maquiavel/.git/objects/cf: Set directory modification time (using DirSetModTime)
2026/08/07 20:28:54 INFO  : maquiavel/.git/objects/dc: Set directory modification time (using DirSetModTime)
2026/08/07 20:28:54 INFO  : maquiavel/.git/objects/de: Set directory modification time (using DirSetModTime)
2026/08/07 20:28:54 INFO  : maquiavel/.git/objects/e2: Set directory modification time (using DirSetModTime)
2026/08/07 20:28:54 INFO  : maquiavel/.git/objects/eb: Set directory modification time (using DirSetModTime)
2026/08/07 20:28:54 INFO  : maquiavel/.git/objects/e5: Set directory modification time (using DirSetModTime)
2026/08/07 20:28:54 INFO  : maquiavel/.git/objects/e4: Set directory modification time (using DirSetModTime)
2026/08/07 20:28:54 INFO  : maquiavel/.git/objects/ef: Set directory modification time (using DirSetModTime)
2026/08/07 20:28:54 INFO  : maquiavel/.git/objects/f2: Set directory modification time (using DirSetModTime)
2026/08/07 20:28:54 INFO  : maquiavel/.git/objects/ec: Set directory modification time (using DirSetModTime)
2026/08/07 20:28:54 INFO  : maquiavel/.git/objects/ea: Set directory modification time (using DirSetModTime)
2026/08/07 20:28:54 INFO  : maquiavel/.git/objects/f5: Set directory modification time (using DirSetModTime)
2026/08/07 20:28:55 INFO  : maquiavel/.git/objects/f9: Set directory modification time (using DirSetModTime)
2026/08/07 20:28:55 INFO  : maquiavel/.git/objects/f7: Set directory modification time (using DirSetModTime)
2026/08/07 20:28:55 INFO  : maquiavel/.git/objects/fa: Set directory modification time (using DirSetModTime)
2026/08/07 20:28:55 INFO  : maquiavel/.git/objects/fd: Set directory modification time (using DirSetModTime)
2026/08/07 20:28:55 INFO  : maquiavel/.git/objects/fc: Set directory modification time (using DirSetModTime)
2026/08/07 20:28:55 INFO  : maquiavel/.git/objects/fb: Set directory modification time (using DirSetModTime)
2026/08/07 20:28:55 INFO  : maquiavel/.git/objects/ff: Set directory modification time (using DirSetModTime)
2026/08/07 20:28:55 INFO  : maquiavel/.git/objects: Set directory modification time (using SetModTime)
2026/08/07 20:28:56 INFO  :   475.695 KiB / 475.695 KiB, 100%, 10.910 KiB/s, ETA 0s
2026/08/07 20:28:56 INFO  : maquiavel/.git: Set directory modification time (using SetModTime)
2026/08/07 20:28:57 INFO  : maquiavel: Set directory modification time (using SetModTime)
2026/08/07 20:28:57 INFO  :   475.695 KiB / 475.695 KiB, 100%, 10.910 KiB/s, ETA 0s
