2026/08/08 04:24:32 INFO  : marketing/experimente.html.bak_zcode_20260724_pre_simples: Copied (new)
2026/08/08 04:24:32 INFO  : pontos_api/admin.html: Copied (new)
2026/08/08 04:24:32 INFO  : pontos_api/creditar.py: Copied (new)
2026/08/08 04:24:32 INFO  : README.md: Copied (new)
2026/08/08 04:24:32 INFO  : pontos_api/convites_teste-lote.txt: Copied (new)
2026/08/08 04:24:32 INFO  : pontos_api/descadastro.py: Copied (new)
2026/08/08 04:24:33 INFO  : pontos_api/app.py: Copied (new)
2026/08/08 04:24:33 INFO  : marketing/experimente.html: Copied (new)
2026/08/08 04:24:33 INFO  : pontos_api/gerar_convites.py: Copied (new)
2026/08/08 04:24:35 INFO  : marketing/legendas/moka_60s.srt: Copied (new)
2026/08/08 04:24:35 INFO  : pontos_api/painel.html: Copied (new)
2026/08/08 04:24:35 INFO  : pontos_api/vigia_saldos.py: Copied (new)
2026/08/08 04:24:35 INFO  : pontos_api/moka_pontos.db: Copied (new)
2026/08/08 04:24:36 INFO  : marketing/legendas/transcricao_com_timecodes.txt: Copied (new)
2026/08/08 04:24:36 INFO  : marketing/legendas/moka_corte_silencios.srt: Copied (new)
2026/08/08 04:24:36 INFO  : marketing/legendas/moka_completo.srt: Copied (new)
2026/08/08 04:24:55 INFO  : marketing/videos/moka_anuncio_60s_tiktok.mp4: Copied (new)
2026/08/08 04:25:23 INFO  :   194.388 MiB / 614.546 MiB, 32%, 3.722 MiB/s, ETA 1m52s
2026/08/08 04:25:59 INFO  : marketing/videos/moka_anuncio_corte_silencios_bbc.mp4: Copied (new)
2026/08/08 04:26:23 INFO  :   406.767 MiB / 614.546 MiB, 66%, 3.785 MiB/s, ETA 54s
2026/08/08 04:26:32 INFO  : marketing/videos/moka_anuncio_completo_legendado.mp4: Copied (new)
2026/08/08 04:26:37 INFO  : marketing/videos/bruto_miguel_5min41.mp4: Copied (new)
2026/08/08 04:27:23 INFO  : marketing/videos/bruto_miguel_5min41-export corte de silencios 3.mp4: Copied (new)
2026/08/08 04:27:23 INFO  :   614.546 MiB / 614.546 MiB, 100%, 2.602 MiB/s, ETA 0s
2026/08/08 04:28:23 INFO  :   614.546 MiB / 614.546 MiB, 100%, 59.146 KiB/s, ETA 0s
2026/08/08 04:29:23 INFO  :   614.546 MiB / 614.546 MiB, 100%, 1.230 KiB/s, ETA 0s
2026/08/08 04:30:23 INFO  :   614.546 MiB / 761.673 MiB, 81%, 26 B/s, ETA 9w5d1h
2026/08/08 04:31:23 INFO  :   761.673 MiB / 908.991 MiB, 84%, 2.124 MiB/s, ETA 1m9s
2026/08/08 04:32:23 INFO  :   894.544 MiB / 908.991 MiB, 98%, 2.085 MiB/s, ETA 6s
2026/08/08 04:32:32 INFO  : marketing/videos/bruto_miguel_5min41-export corte de silencios.mp4: Copied (new)
2026/08/08 04:33:23 INFO  :     1.031 GiB / 1.031 GiB, 100%, 3.026 MiB/s, ETA 0s
2026/08/08 04:34:23 INFO  :     1.031 GiB / 1.031 GiB, 100%, 64.486 KiB/s, ETA 0s
2026/08/08 04:35:23 INFO  :     1.031 GiB / 1.175 GiB, 88%, 1.342 KiB/s, ETA 1d7h11m
2026/08/08 04:36:23 INFO  :     1.175 GiB / 1.175 GiB, 100%, 2.555 MiB/s, ETA 0s
2026/08/08 04:37:23 INFO  :     1.175 GiB / 1.175 GiB, 100%, 54.447 KiB/s, ETA 0s
2026/08/08 04:38:23 INFO  :     1.175 GiB / 1.319 GiB, 89%, 1.133 KiB/s, ETA 1d12h56m
2026/08/08 04:39:23 INFO  :     1.319 GiB / 1.319 GiB, 100%, 1.178 MiB/s, ETA 0s
2026/08/08 04:40:23 INFO  :     1.319 GiB / 1.319 GiB, 100%, 25.102 KiB/s, ETA 0s
2026/08/08 04:41:23 INFO  :     1.424 GiB / 1.462 GiB, 97%, 3.303 MiB/s, ETA 12s
2026/08/08 04:41:35 INFO  : marketing/videos/bruto_miguel_5min41-export corte de silencios 2.mp4: Copied (new)
2026/08/08 04:41:36 INFO  : marketing/videos: Set directory modification time (using DirSetModTime)
2026/08/08 04:41:36 INFO  : marketing/legendas: Set directory modification time (using DirSetModTime)
2026/08/08 04:41:37 INFO  : marketing: Set directory modification time (using DirSetModTime)
2026/08/08 04:41:37 INFO  : pontos_api: Set directory modification time (using DirSetModTime)
2026/08/08 04:41:37 INFO  :     1.462 GiB / 1.462 GiB, 100%, 3.198 MiB/s, ETA 0s
