=== INICIO 2026-07-19 21:12:50 BRT ===
21:12:50 BRT · 262195 · rest=publish|2026-07-20T00:10:31 · frontend=200
21:12:50 BRT · 262196 · rest=publish|2026-07-20T00:10:36 · frontend=200
21:15:54 BRT · 262195 · rest=draft|2026-07-20T00:15:20 · frontend=404
21:15:54 BRT · ALERTA: 262195 REBAIXADO PRA DRAFT!
21:15:54 BRT · 262196 · rest=draft|2026-07-20T00:15:26 · frontend=404
21:15:54 BRT · ALERTA: 262196 REBAIXADO PRA DRAFT!
21:18:57 BRT · 262195 · rest=draft|2026-07-20T00:17:45 · frontend=404
21:18:57 BRT · ALERTA: 262195 REBAIXADO PRA DRAFT!
21:18:57 BRT · 262196 · rest=draft|2026-07-20T00:17:49 · frontend=404
21:18:57 BRT · ALERTA: 262196 REBAIXADO PRA DRAFT!
21:22:01 BRT · 262195 · rest=draft|2026-07-20T00:17:45 · frontend=404
21:22:01 BRT · ALERTA: 262195 REBAIXADO PRA DRAFT!
21:22:01 BRT · 262196 · rest=draft|2026-07-20T00:17:49 · frontend=404
21:22:01 BRT · ALERTA: 262196 REBAIXADO PRA DRAFT!
21:25:04 BRT · 262195 · rest=draft|2026-07-20T00:17:45 · frontend=404
21:25:04 BRT · ALERTA: 262195 REBAIXADO PRA DRAFT!
21:25:04 BRT · 262196 · rest=draft|2026-07-20T00:17:49 · frontend=404
21:25:04 BRT · ALERTA: 262196 REBAIXADO PRA DRAFT!
=== FIM 2026-07-19 21:28:08 BRT ===
